// Jest Snapshot v1, https://goo.gl/fbAQLP

exports[`Color Component Test Suite It should render correctly 1`] = `
<styled.div>
  <styled.div
    isSelected="false"
    onClick={[Function]}
    url="https://adidasproducts.s3-us-west-1.amazonaws.com/images/B42200_color0_pic0.jpg"
  />
</styled.div>
`;
