// Jest Snapshot v1, https://goo.gl/fbAQLP

exports[`Title Component Test Suite It should render correctly 1`] = `
<styled.div>
  <styled.button
    onClick={[Function]}
  >
    <span>
      Add to bag
    </span>
    <span>
      ⭢
    </span>
  </styled.button>
  <styled.div
    onClick={[Function]}
  >
    <styled.svg>
      <styled.path
        favorite="false"
      />
    </styled.svg>
  </styled.div>
</styled.div>
`;
